<html>
<body>
<pre>
<h1>�Vision Build Log</h1>
<h2>Tool Versions:</h2>
IDE-Version: ��Vision V5.39.0.0
Copyright (C) 2023 ARM Ltd and ARM Germany GmbH. All rights reserved.
License Information: A A, A, LIC=14HV2-95C08-MMR9I-T3ZS6-6IJFP-KE5ZL
 
Tool Versions:
Toolchain:       MDK-ARM Plus  Version: 5.39.0.0
Toolchain Path:  D:\Keil_v5\ARM\ARMCC\Bin
C Compiler:      Armcc.exe V5.06 update 5 (build 528)
Assembler:       Armasm.exe V5.06 update 5 (build 528)
Linker/Locator:  ArmLink.exe V5.06 update 5 (build 528)
Library Manager: ArmAr.exe V5.06 update 5 (build 528)
Hex Converter:   FromElf.exe V5.06 update 5 (build 528)
CPU DLL:         SARMCM3.DLL V5.39.0.0
Dialog DLL:      DCM.DLL V1.17.5.0
Target DLL:      CMSIS_AGDI.dll V1.33.16.0
Dialog DLL:      TCM.DLL V1.56.4.0
 
<h2>Project:</h2>
E:\Electronic\1.STM32\STM32F407\HAL\project\MDK-ARM\project.uvprojx
Project File Date:  05/27/2024

<h2>Output:</h2>
*** Using Compiler 'V5.06 update 5 (build 528)', folder: 'D:\Keil_v5\ARM\ARMCC\Bin'
Build target 'project'
assembling startup_stm32f407xx.s...
compiling lv_demo_stress.c...
..\LVGL\GUI_APP\demos\stress\lv_demo_stress.c(80): warning:  #546-D: transfer of control bypasses initialization of:
            variable "scale"  (declared at line 255)
      switch(state) {
      ^
..\LVGL\GUI_APP\demos\stress\lv_demo_stress.c: 1 warning, 0 errors
compiling img_lvgl_logo.c...
compiling img_clothes.c...
compiling img_demo_widgets_avatar.c...
compiling lv_demo_music.c...
..\LVGL\GUI_APP\demos\music\lv_demo_music.c(34): warning:  #550-D: variable "ctrl"  was set but never used
  static lv_obj_t * ctrl;
..\LVGL\GUI_APP\demos\music\lv_demo_music.c(35): warning:  #550-D: variable "list"  was set but never used
  static lv_obj_t * list;
..\LVGL\GUI_APP\demos\music\lv_demo_music.c: 2 warnings, 0 errors
compiling lv_demo_music_list.c...
compiling lv_demo_music_main.c...
compiling img_lv_demo_music_btn_corner_large.c...
compiling lv_demo_widgets.c...
..\LVGL\GUI_APP\demos\widgets\lv_demo_widgets.c(1093): warning:  #188-D: enumerated type mixed with another type
          lv_palette_t palette_secondary = (*palette_primary) + 3; /*Use another palette as secondary*/
..\LVGL\GUI_APP\demos\widgets\lv_demo_widgets.c(1094): warning:  #188-D: enumerated type mixed with another type
          if(palette_secondary >= _LV_PALETTE_LAST) palette_secondary = 0;
..\LVGL\GUI_APP\demos\widgets\lv_demo_widgets.c: 2 warnings, 0 errors
compiling img_lv_demo_music_btn_list_pause.c...
compiling img_lv_demo_music_btn_list_pause_large.c...
compiling img_lv_demo_music_btn_list_play.c...
compiling img_lv_demo_music_btn_list_play_large.c...
compiling img_lv_demo_music_btn_loop.c...
compiling img_lv_demo_music_btn_loop_large.c...
compiling img_lv_demo_music_btn_next.c...
compiling img_lv_demo_music_btn_next_large.c...
compiling img_lv_demo_music_btn_pause.c...
compiling img_lv_demo_music_btn_pause_large.c...
compiling img_lv_demo_music_btn_play.c...
compiling img_lv_demo_music_btn_prev.c...
compiling img_lv_demo_music_btn_play_large.c...
compiling img_lv_demo_music_btn_prev_large.c...
compiling img_lv_demo_music_btn_rnd.c...
compiling img_lv_demo_music_btn_rnd_large.c...
compiling img_lv_demo_music_corner_left.c...
compiling img_lv_demo_music_corner_left_large.c...
compiling img_lv_demo_music_corner_right.c...
compiling img_lv_demo_music_corner_right_large.c...
compiling img_lv_demo_music_cover_1.c...
compiling img_lv_demo_music_cover_2.c...
compiling img_lv_demo_music_cover_1_large.c...
compiling img_lv_demo_music_cover_3.c...
compiling img_lv_demo_music_cover_2_large.c...
compiling img_lv_demo_music_cover_3_large.c...
compiling img_lv_demo_music_icon_1.c...
compiling img_lv_demo_music_icon_1_large.c...
compiling img_lv_demo_music_icon_2.c...
compiling img_lv_demo_music_icon_2_large.c...
compiling img_lv_demo_music_icon_3.c...
compiling main.c...
compiling img_lv_demo_music_icon_4.c...
compiling img_lv_demo_music_icon_3_large.c...
compiling img_lv_demo_music_icon_4_large.c...
compiling stm32f4xx_it.c...
compiling touch.c...
compiling FT6336.c...
..\Core\Hardware\FT6336.c(179): warning:  #1-D: last line of file ends without a newline
  }
..\Core\Hardware\FT6336.c: 1 warning, 0 errors
compiling img_lv_demo_music_list_border.c...
compiling img_lv_demo_music_list_border_large.c...
compiling freertos.c...
compiling LCD.c...
..\Core\Hardware\LCD.c(300): warning:  #177-D: variable "j"  was declared but never referenced
  	uint32_t i, j;
..\Core\Hardware\LCD.c(663): warning:  #188-D: enumerated type mixed with another type
  	lv_disp_set_rotation(
ULL, direction); // 设置lvgl屏幕旋转
..\Core\Hardware\LCD.c(672): warning:  #1-D: last line of file ends without a newline
  }
..\Core\Hardware\LCD.c: 3 warnings, 0 errors
compiling img_lv_demo_music_logo.c...
compiling img_lv_demo_music_slider_knob.c...
compiling img_lv_demo_music_slider_knob_large.c...
compiling img_lv_demo_music_wave_bottom.c...
compiling img_lv_demo_music_wave_bottom_large.c...
compiling img_lv_demo_music_wave_top.c...
compiling img_lv_demo_music_wave_top_large.c...
compiling lv_demo_keypad_encoder.c...
compiling img_benchmark_cogwheel_alpha16.c...
compiling img_benchmark_cogwheel_argb.c...
compiling lv_demo_benchmark.c...
compiling img_benchmark_cogwheel_indexed16.c...
compiling img_benchmark_cogwheel_chroma_keyed.c...
compiling img_benchmark_cogwheel_rgb.c...
compiling lv_font_bechmark_montserrat_16_compr_az.c.c...
compiling lv_font_bechmark_montserrat_12_compr_az.c.c...
compiling lv_font_bechmark_montserrat_28_compr_az.c.c...
compiling img_benchmark_cogwheel_rgb565a8.c...
compiling lv_disp.c...
compiling lv_event.c...
..\LVGL\GUI\lvgl\src\core\lv_event.c(117): warning:  #188-D: enumerated type mixed with another type
      return e->code & ~LV_EVENT_PREPROCESS;
..\LVGL\GUI\lvgl\src\core\lv_event.c: 1 warning, 0 errors
compiling lv_group.c...
compiling lv_indev_scroll.c...
compiling lv_obj_class.c...
compiling lv_obj_draw.c...
..\LVGL\GUI\lvgl\src\core\lv_obj_draw.c(392): warning:  #188-D: enumerated type mixed with another type
      if(obj->spec_attr) return obj->spec_attr->layer_type;
..\LVGL\GUI\lvgl\src\core\lv_obj_draw.c: 1 warning, 0 errors
compiling lv_indev.c...
compiling lv_obj.c...
compiling lv_obj_scroll.c...
compiling lv_obj_style.c...
compiling lv_obj_style_gen.c...
compiling lv_obj_tree.c...
compiling lv_obj_pos.c...
compiling lv_theme.c...
compiling lv_draw_sw.c...
compiling lv_refr.c...
compiling lv_draw_sw_arc.c...
compiling lv_draw_sw_dither.c...
compiling lv_draw_sw_blend.c...
compiling lv_draw_sw_gradient.c...
compiling lv_draw_sw_layer.c...
compiling lv_draw_sw_letter.c...
compiling lv_draw_sw_img.c...
compiling lv_draw_sw_line.c...
compiling lv_draw_sw_polygon.c...
compiling lv_draw.c...
compiling lv_draw_arc.c...
compiling lv_draw_img.c...
compiling lv_draw_sw_transform.c...
compiling lv_draw_layer.c...
compiling lv_draw_line.c...
compiling lv_draw_rect.c...
compiling lv_draw_label.c...
compiling lv_draw_sw_rect.c...
..\LVGL\GUI\lvgl\src\draw\sw\lv_draw_sw_rect.c(234): warning:  #546-D: transfer of control bypasses initialization of:
            variable "mask_any_center"  (declared at line 280)
          goto bg_clean_up;
          ^
..\LVGL\GUI\lvgl\src\draw\sw\lv_draw_sw_rect.c: 1 warning, 0 errors
compiling lv_draw_transform.c...
compiling lv_draw_triangle.c...
compiling lv_img_cache.c...
compiling lv_draw_mask.c...
compiling lv_img_buf.c...
compiling lv_img_decoder.c...
compiling lv_extra.c...
compiling lv_port_disp.c...
compiling lv_flex.c...
compiling lv_grid.c...
..\LVGL\GUI\lvgl\src\extra\layouts\grid\lv_grid.c(583): warning:  #188-D: enumerated type mixed with another type
      lv_grid_align_t col_align = get_cell_col_align(item);
..\LVGL\GUI\lvgl\src\extra\layouts\grid\lv_grid.c(584): warning:  #188-D: enumerated type mixed with another type
      lv_grid_align_t row_align = get_cell_row_align(item);
..\LVGL\GUI\lvgl\src\extra\layouts\grid\lv_grid.c: 2 warnings, 0 errors
compiling lv_port_indev.c...
compiling lv_bmp.c...
compiling lv_ffmpeg.c...
compiling lv_freetype.c...
compiling lv_fs_fatfs.c...
compiling lv_fs_littlefs.c...
compiling lv_fs_posix.c...
compiling lv_fs_stdio.c...
compiling gifdec.c...
compiling lv_fs_win32.c...
compiling lv_gif.c...
compiling lodepng.c...
compiling lv_png.c...
compiling lv_qrcode.c...
compiling tjpgd.c...
compiling lv_fragment.c...
compiling lv_fragment_manager.c...
compiling lv_rlottie.c...
compiling lv_sjpg.c...
compiling lv_gridnav.c...
compiling lv_tiny_ttf.c...
compiling lv_ime_pinyin.c...
compiling qrcodegen.c...
..\LVGL\GUI\lvgl\src\extra\libs\qrcode\qrcodegen.c(278): warning:  #188-D: enumerated type mixed with another type
  	applyMask(tempBuffer, qrcode, mask);
..\LVGL\GUI\lvgl\src\extra\libs\qrcode\qrcodegen.c(279): warning:  #188-D: enumerated type mixed with another type
  	drawFormatBits(ecl, mask, qrcode);
..\LVGL\GUI\lvgl\src\extra\libs\qrcode\qrcodegen.c(620): warning:  #111-D: statement is unreachable
  				default:  
V_ASSERT(false);  return;
..\LVGL\GUI\lvgl\src\extra\libs\qrcode\qrcodegen.c(853): warning:  #111-D: statement is unreachable
  		return -1;
..\LVGL\GUI\lvgl\src\extra\libs\qrcode\qrcodegen.c(1008): warning:  #111-D: statement is unreachable
  		default:  
V_ASSERT(false);  return -1;  // Dummy value
..\LVGL\GUI\lvgl\src\extra\libs\qrcode\qrcodegen.c: 5 warnings, 0 errors
compiling lv_msg.c...
compiling lv_snapshot.c...
compiling lv_imgfont.c...
compiling lv_monkey.c...
compiling lv_theme_basic.c...
compiling lv_theme_mono.c...
compiling lv_animimg.c...
compiling lv_calendar_header_dropdown.c...
compiling lv_calendar_header_arrow.c...
compiling lv_calendar.c...
compiling lv_keyboard.c...
compiling lv_imgbtn.c...
compiling lv_theme_default.c...
..\LVGL\GUI\lvgl\src\extra\themes\default\lv_theme_default.c(211): warning:  #188-D: enumerated type mixed with another type
..\LVGL\GUI\lvgl\src\extra\themes\default\lv_theme_default.c: 1 warning, 0 errors
compiling lv_list.c...
compiling lv_colorwheel.c...
compiling lv_led.c...
compiling lv_menu.c...
compiling lv_msgbox.c...
compiling lv_spinner.c...
compiling lv_chart.c...
compiling lv_meter.c...
compiling lv_spinbox.c...
compiling lv_font.c...
compiling lv_tileview.c...
compiling lv_span.c...
..\LVGL\GUI\lvgl\src\extra\widgets\span\lv_span.c(901): warning:  #546-D: transfer of control bypasses initialization of:
            variable "align"  (declared at line 905)
              goto Next_line_init;
              ^
..\LVGL\GUI\lvgl\src\extra\widgets\span\lv_span.c: 1 warning, 0 errors
compiling lv_win.c...
compiling lv_font_dejavu_16_persian_hebrew.c...
compiling lv_tabview.c...
compiling lv_font_fmt_txt.c...
..\LVGL\GUI\lvgl\src\font\lv_font_fmt_txt.c(137): warning:  #111-D: statement is unreachable
      return NULL;
..\LVGL\GUI\lvgl\src\font\lv_font_fmt_txt.c: 1 warning, 0 errors
compiling lv_font_montserrat_8.c...
compiling lv_font_montserrat_10.c...
compiling lv_font_montserrat_12.c...
compiling lv_font_montserrat_12_subpx.c...
compiling lv_font_montserrat_14.c...
compiling lv_font_montserrat_16.c...
compiling lv_font_loader.c...
compiling lv_font_montserrat_18.c...
compiling lv_font_montserrat_22.c...
compiling lv_font_montserrat_24.c...
compiling lv_font_montserrat_26.c...
compiling lv_font_montserrat_20.c...
compiling lv_font_montserrat_28.c...
compiling lv_font_montserrat_28_compressed.c...
compiling lv_font_montserrat_30.c...
compiling lv_font_montserrat_36.c...
compiling lv_font_montserrat_38.c...
compiling lv_font_montserrat_34.c...
compiling lv_font_montserrat_32.c...
compiling lv_font_montserrat_40.c...
compiling lv_font_montserrat_42.c...
compiling lv_font_montserrat_44.c...
compiling lv_font_montserrat_48.c...
compiling lv_font_montserrat_46.c...
compiling lv_font_simsun_16_cjk.c...
compiling lv_draw_sdl.c...
compiling lv_draw_sdl_arc.c...
compiling lv_draw_sdl_composite.c...
compiling lv_draw_sdl_bg.c...
compiling lv_draw_sdl_img.c...
compiling lv_font_unscii_8.c...
compiling lv_font_unscii_16.c...
compiling lv_draw_sdl_label.c...
compiling lv_draw_sdl_layer.c...
compiling lv_draw_sdl_line.c...
compiling lv_draw_sdl_mask.c...
compiling lv_draw_sdl_polygon.c...
compiling lv_draw_sdl_rect.c...
compiling lv_draw_sdl_stack_blur.c...
compiling lv_draw_sdl_texture_cache.c...
compiling lv_draw_sdl_utils.c...
compiling lv_gpu_stm32_dma2d.c...
compiling lv_hal_tick.c...
compiling lv_hal_indev.c...
compiling lv_hal_disp.c...
..\LVGL\GUI\lvgl\src\hal\lv_hal_disp.c(582): warning:  #188-D: enumerated type mixed with another type
      return disp->driver->rotated;
..\LVGL\GUI\lvgl\src\hal\lv_hal_disp.c: 1 warning, 0 errors
compiling lv_anim_timeline.c...
compiling lv_async.c...
compiling lv_anim.c...
compiling lv_bidi.c...
compiling lv_area.c...
compiling lv_color.c...
compiling lv_log.c...
compiling lv_gc.c...
compiling lv_fs.c...
compiling lv_ll.c...
compiling lv_lru.c...
..\LVGL\GUI\lvgl\src\misc\lv_lru.c(238): warning:  #68-D: integer conversion resulted in a change of sign
      uint32_t i = 0, min_index = -1;
..\LVGL\GUI\lvgl\src\misc\lv_lru.c(239): warning:  #68-D: integer conversion resulted in a change of sign
      uint64_t min_access_count = -1;
..\LVGL\GUI\lvgl\src\misc\lv_lru.c: 2 warnings, 0 errors
compiling lv_math.c...
compiling lv_mem.c...
..\LVGL\GUI\lvgl\src\misc\lv_mem.c(324): warning:  #111-D: statement is unreachable
      return NULL;
..\LVGL\GUI\lvgl\src\misc\lv_mem.c: 1 warning, 0 errors
compiling lv_style.c...
..\LVGL\GUI\lvgl\src\misc\lv_style.c(214): warning:  #188-D: enumerated type mixed with another type
      return last_custom_prop_id;
..\LVGL\GUI\lvgl\src\misc\lv_style.c(219): warning:  #188-D: enumerated type mixed with another type
      return last_custom_prop_id - _LV_STYLE_LAST_BUILT_IN_PROP;
..\LVGL\GUI\lvgl\src\misc\lv_style.c(290): warning:  #188-D: enumerated type mixed with another type
      lv_style_set_prop_internal(style, prop | meta, null_style_value, lv_style_set_prop_meta_helper);
..\LVGL\GUI\lvgl\src\misc\lv_style.c: 3 warnings, 0 errors
compiling lv_timer.c...
compiling lv_txt_ap.c...
compiling lv_style_gen.c...
compiling lv_printf.c...
compiling lv_txt.c...
compiling lv_tlsf.c...
..\LVGL\GUI\lvgl\src\misc\lv_tlsf.c(897): warning:  #68-D: integer conversion resulted in a change of sign
          offset_to_block(pool, -(int)block_header_overhead);
..\LVGL\GUI\lvgl\src\misc\lv_tlsf.c(999): warning:  #68-D: integer conversion resulted in a change of sign
      block = offset_to_block(mem, -(tlsfptr_t)block_header_overhead);
..\LVGL\GUI\lvgl\src\misc\lv_tlsf.c(1017): warning:  #68-D: integer conversion resulted in a change of sign
      block_header_t * block = offset_to_block(pool, -(int)block_header_overhead);
..\LVGL\GUI\lvgl\src\misc\lv_tlsf.c: 3 warnings, 0 errors
compiling lv_bar.c...
compiling lv_arc.c...
compiling lv_btn.c...
compiling lv_checkbox.c...
compiling lv_line.c...
compiling lv_canvas.c...
compiling lv_btnmatrix.c...
compiling lv_img.c...
compiling lv_roller.c...
compiling lv_label.c...
compiling lv_dropdown.c...
compiling lv_switch.c...
compiling lv_slider.c...
compiling lv_textarea.c...
compiling lv_table.c...
linking...
Program Size: Code=220096 RO-data=133012 RW-data=1208 ZI-data=94728  
FromELF: creating hex file...
"project\project.axf" - 0 Error(s), 32 Warning(s).

<h2>Software Packages used:</h2>

Package Vendor: ARM
                http://www.keil.com/pack/ARM.CMSIS.5.9.0.pack
                ARM::CMSIS@5.9.0
                CMSIS (Common Microcontroller Software Interface Standard)
   * Component: CORE Version: 5.6.0

Package Vendor: Keil
                https://www.keil.com/pack/Keil.STM32F4xx_DFP.2.17.1.pack
                Keil::STM32F4xx_DFP@2.17.1
                STMicroelectronics STM32F4 Series Device Support, Drivers and Examples

<h2>Collection of Component include folders:</h2>
  ./RTE/_project
  D:/Keil_v5/ARM/PACK/ARM/CMSIS/5.9.0/CMSIS/Core/Include
  D:/Keil_v5/ARM/PACK/Keil/STM32F4xx_DFP/2.17.1/Drivers/CMSIS/Device/ST/STM32F4xx/Include

<h2>Collection of Component Files used:</h2>

   * Component: ARM::CMSIS:CORE@5.6.0
      Include file:  CMSIS/Core/Include/tz_context.h
Build Time Elapsed:  00:00:11
</pre>
</body>
</html>
